Microchip MPLAB XC8 Compiler V2.31

Linker command line:

-W-3 --edf=C:\Program Files\Microchip\xc8\v2.31\pic\dat\en_msgs.txt -cn \
  -h+dist/default/production\proyecto.X.production.sym \
  --cmf=dist/default/production\proyecto.X.production.cmf -z -Q16F887 \
  -oC:\Users\gelp0\AppData\Local\Temp\sad0.2 --defsym=__MPLAB_BUILD=1 \
  -Mdist/default/production/proyecto.X.production.map -E1 -ver=XC8 Compiler \
  --acfsm=1493 -ASTACK=0110h-016Fh -pstack=STACK -ACODE=00h-07FFhx4 \
  -ASTRCODE=00h-01FFFh -ASTRING=00h-0FFhx32 -ACONST=00h-0FFhx32 \
  -AENTRY=00h-0FFhx32 -ACOMMON=070h-07Fh -ABANK0=020h-06Fh \
  -ABANK1=0A0h-0EFh -ABANK2=0110h-016Fh -ABANK3=0190h-01EFh \
  -ARAM=020h-06Fh,0A0h-0EFh,0110h-016Fh,0190h-01EFh \
  -AABS1=020h-07Fh,0A0h-0EFh,0110h-016Fh,0190h-01EFh -ASFR0=00h-01Fh \
  -ASFR1=080h-09Fh -ASFR2=0100h-010Fh -ASFR3=0180h-018Fh \
  -ACONFIG=02007h-02008h -DCONFIG=2 -AIDLOC=02000h-02003h -DIDLOC=2 \
  -AEEDATA=00h-0FFh/02100h -peeprom_data=EEDATA -DEEDATA=2 -DCODE=2 \
  -DSTRCODE=2 -DSTRING=2 -DCONST=2 -DENTRY=2 \
  -preset_vec=00h,intentry=04h,init,end_init -ppowerup=CODE -pcinit=CODE \
  -pfunctab=ENTRY -k C:\Users\gelp0\AppData\Local\Temp\sad0.o \
  dist/default/production\proyecto.X.production.o 

Object code version is 3.11

Machine type is 16F887



                Name                               Link     Load   Length Selector   Space Scale
C:\Users\gelp0\AppData\Local\Temp\sad0.o
                end_init                             12       12        3        8       0
                reset_vec                             0        0        3        0       0
                config                             2007     2007        2        0       4
dist/default/production\proyecto.X.production.o
                cinit                                15       15       12        8       0
                intentry                              4        4        E        8       0
                config                             2007     2007        2        0       4
                text11                              594      594       19      850       0
                text10                              57B      57B       19      850       0
                text9                               562      562       19      850       0
                text8                               5AD      5AD       13      850       0
                text7                               540      540       22      850       0
                text6                               5DC      5DC        A      BA4       0
                text5                               51A      51A       26      850       0
                text4                                27       27      2CB        8       0
                text3                               5D2      5D2        A      BA4       0
                text2                               4F2      4F2       28      850       0
                text1                               428      428       86      850       0
                maintext                            4AE      4AE       44      850       0
                cstackBANK0                          36       36       10       20       1
                cstackCOMMON                         70       70        8       70       1
                clrtext                             5E6      5E6        8      BA4       0
                bssBANK0                             20       20       16       20       1
                bssCOMMON                            78       78        5       70       1
                stringtext                          300      300      128        6       0
                strings                             5C0      5C0       12      B80       0

TOTAL           Name                               Link     Load   Length     Space
        CLASS   STACK          

        CLASS   CODE           
                end_init                             12       12        3         0
                cinit                                15       15       12         0
                intentry                              4        4        E         0
                reset_vec                             0        0        3         0
                text11                              594      594       19         0
                text10                              57B      57B       19         0
                text9                               562      562       19         0
                text8                               5AD      5AD       13         0
                text7                               540      540       22         0
                text6                               5DC      5DC        A         0
                text5                               51A      51A       26         0
                text4                                27       27      2CB         0
                text3                               5D2      5D2        A         0
                text2                               4F2      4F2       28         0
                text1                               428      428       86         0
                maintext                            4AE      4AE       44         0
                clrtext                             5E6      5E6        8         0

        CLASS   STRCODE        
                stringtext                          300      300      128         0

        CLASS   STRING         
                strings                             5C0      5C0       12         0

        CLASS   CONST          

        CLASS   ENTRY          

        CLASS   COMMON         
                cstackCOMMON                         70       70        8         1
                bssCOMMON                            78       78        5         1

        CLASS   BANK0          
                cstackBANK0                          36       36       10         1
                bssBANK0                             20       20       16         1

        CLASS   BANK1          

        CLASS   BANK2          

        CLASS   BANK3          

        CLASS   RAM            

        CLASS   ABS1           
                abs_s1                               7E       7E        2         1

        CLASS   SFR0           

        CLASS   SFR1           

        CLASS   SFR2           

        CLASS   SFR3           

        CLASS   CONFIG         
                config                             2007     2007        2         4

        CLASS   IDLOC          

        CLASS   EEDATA         



SEGMENTS        Name                           Load    Length   Top    Selector   Space  Class     Delta

                reset_vec                      000000  000003  000003         0       0  CODE        2
                intentry                       000004  0002EE  0002F2         8       0  CODE        2
                bssBANK0                       000020  000026  000046        20       1  BANK0       1
                cstackCOMMON                   000070  00000D  00007D        70       1  COMMON      1
                stringtext                     000300  000128  000428         6       0  STRCODE     2
                text1                          000428  000198  0005C0       850       0  CODE        2
                strings                        0005C0  000012  0005D2       B80       0  STRING      2
                text3                          0005D2  00001C  0005EE       BA4       0  CODE        2


UNUSED ADDRESS RANGES

        Name                Unused          Largest block    Delta
        BANK0            0046-006F             2A           1
        BANK1            00A0-00EF             50           1
        BANK2            0110-016F             60           1
        BANK3            0190-01EF             60           1
        CODE             0003-0003              1           2
                         02F2-02FF              E
                         05EE-1FFF            800
        COMMON           007D-007D              1           1
        CONST            0003-0003              1           2
                         02F2-02FF              E
                         05EE-1FFF            100
        EEDATA           2100-21FF            100           2
        ENTRY            0003-0003              1           2
                         02F2-02FF              E
                         05EE-1FFF            100
        IDLOC            2000-2003              4           2
        RAM              0046-006F             2A           1
                         00A0-00EF             50
                         0110-016F             60
                         0190-01EF             60
        SFR0             0000-001F             20           1
        SFR1             0080-009F             20           1
        SFR2             0100-010F             10           1
        SFR3             0180-018F             10           1
        STACK            0110-016F             60           1
        STRCODE          0003-0003              1           2
                         02F2-02FF              E
                         05EE-1FFF           1A12
        STRING           0003-0003              1           2
                         02F2-02FF              E
                         05EE-1FFF            100

                                  Symbol Table

?_printf                 cstackBANK0  003E
?i1_printf               cstackCOMMON 0071
_ADCON0bits              (abs)        001F
_ADCON1bits              (abs)        009F
_ADRESH                  (abs)        001E
_ANSEL                   (abs)        0188
_ANSELH                  (abs)        0189
_BAUDCTLbits             (abs)        0187
_CCP1CONbits             (abs)        0017
_CCP2CONbits             (abs)        001D
_CCPR1L                  (abs)        0015
_CCPR2L                  (abs)        001B
_EEADR                   (abs)        010D
_EECON1bits              (abs)        018C
_EECON2                  (abs)        018D
_EEDAT                   (abs)        010C
_EEDATA                  (abs)        010C
_INTCONbits              (abs)        000B
_IOCBbits                (abs)        0096
_OPTION_REGbits          (abs)        0081
_OSCCONbits              (abs)        008F
_PIE1bits                (abs)        008C
_PIR1bits                (abs)        000C
_PIR2bits                (abs)        000D
_PORTA                   (abs)        0005
_PORTB                   (abs)        0006
_PORTBbits               (abs)        0006
_PORTC                   (abs)        0007
_PORTCbits               (abs)        0007
_PORTD                   (abs)        0008
_PORTDbits               (abs)        0008
_PORTE                   (abs)        0009
_PORTEbits               (abs)        0009
_PR2                     (abs)        0092
_RBIF                    (abs)        0058
_RCIF                    (abs)        0065
_RCREG                   (abs)        001A
_RCSTAbits               (abs)        0018
_SPBRG                   (abs)        0099
_SPBRGH                  (abs)        009A
_T2CONbits               (abs)        0012
_TRISA                   (abs)        0085
_TRISBbits               (abs)        0086
_TRISCbits               (abs)        0087
_TRISDbits               (abs)        0088
_TRISEbits               (abs)        0089
_TXIF                    (abs)        0064
_TXREG                   (abs)        0019
_TXSTAbits               (abs)        0098
_WPUB                    (abs)        0095
__Habs1                  abs1         0000
__Hbank0                 bank0        0000
__Hbank1                 bank1        0000
__Hbank2                 bank2        0000
__Hbank3                 bank3        0000
__HbssBANK0              bssBANK0     0000
__HbssCOMMON             bssCOMMON    0000
__Hcinit                 cinit        0027
__Hclrtext               clrtext      0000
__Hcode                  code         0000
__Hcommon                common       0000
__Hconfig                config       2009
__HcstackBANK0           cstackBANK0  0000
__HcstackCOMMON          cstackCOMMON 0000
__Heeprom_data           eeprom_data  0000
__Hend_init              end_init     0015
__Hfunctab               functab      0000
__Hinit                  init         0012
__Hintentry              intentry     0012
__Hmaintext              maintext     0000
__Hpowerup               powerup      0000
__Hram                   ram          0000
__Hreset_vec             reset_vec    0003
__Hsfr0                  sfr0         0000
__Hsfr1                  sfr1         0000
__Hsfr2                  sfr2         0000
__Hsfr3                  sfr3         0000
__Hspace_0               (abs)        05EE
__Hspace_1               (abs)        007D
__Hspace_2               (abs)        0000
__Hspace_3               (abs)        0000
__Hspace_4               (abs)        4010
__Hstack                 stack        0000
__Hstrings               strings      0000
__Hstringtext            stringtext   0000
__Htext                  text         0000
__Labs1                  abs1         0000
__Lbank0                 bank0        0000
__Lbank1                 bank1        0000
__Lbank2                 bank2        0000
__Lbank3                 bank3        0000
__LbssBANK0              bssBANK0     0000
__LbssCOMMON             bssCOMMON    0000
__Lcinit                 cinit        0015
__Lclrtext               clrtext      0000
__Lcode                  code         0000
__Lcommon                common       0000
__Lconfig                config       0000
__LcstackBANK0           cstackBANK0  0000
__LcstackCOMMON          cstackCOMMON 0000
__Leeprom_data           eeprom_data  0000
__Lend_init              end_init     0012
__Lfunctab               functab      0000
__Linit                  init         0012
__Lintentry              intentry     0004
__Lmaintext              maintext     0000
__Lpowerup               powerup      0000
__Lram                   ram          0000
__Lreset_vec             reset_vec    0000
__Lsfr0                  sfr0         0000
__Lsfr1                  sfr1         0000
__Lsfr2                  sfr2         0000
__Lsfr3                  sfr3         0000
__Lspace_0               (abs)        0000
__Lspace_1               (abs)        0000
__Lspace_2               (abs)        0000
__Lspace_3               (abs)        0000
__Lspace_4               (abs)        0000
__Lstack                 stack        0000
__Lstrings               strings      0000
__Lstringtext            stringtext   0000
__Ltext                  text         0000
__S0                     (abs)        05EE
__S1                     (abs)        007D
__S2                     (abs)        0000
__S3                     (abs)        0000
___int_sp                stack        0000
___latbits               (abs)        0002
___sp                    stack        0000
___stackhi               (abs)        0000
___stacklo               (abs)        0000
__end_of__initialization cinit        0023
__end_of__stringtab      strings      05D2
__end_of_bitb1           text11       05AD
__end_of_bitb2           text10       0594
__end_of_bitb3           text9        057B
__end_of_isr             text4        02F2
__end_of_main            maintext     04F2
__end_of_printf          text2        051A
__end_of_putch           text3        05DC
__end_of_read_eeprom     text8        05C0
__end_of_setup           text1        04AE
__end_of_write_eeprom    text7        0562
__end_ofi1_printf        text5        0540
__end_ofi1_putch         text6        05E6
__initialization         cinit        0015
__pbssBANK0              bssBANK0     0020
__pbssCOMMON             bssCOMMON    0078
__pcstackBANK0           cstackBANK0  0036
__pcstackCOMMON          cstackCOMMON 0070
__pintentry              intentry     0004
__pmaintext              maintext     04AE
__pstrings               strings      05C0
__pstringtext            stringtext   0300
__ptext1                 text1        0428
__ptext10                text10       057B
__ptext11                text11       0594
__ptext2                 text2        04F2
__ptext3                 text3        05D2
__ptext4                 text4        0027
__ptext5                 text5        051A
__ptext6                 text6        05DC
__ptext7                 text7        0540
__ptext8                 text8        05AD
__ptext9                 text9        0562
__size_of_bitb1          (abs)        0000
__size_of_bitb2          (abs)        0000
__size_of_bitb3          (abs)        0000
__size_of_isr            (abs)        0000
__size_of_main           (abs)        0000
__size_of_printf         (abs)        0000
__size_of_putch          (abs)        0000
__size_of_read_eeprom    (abs)        0000
__size_of_setup          (abs)        0000
__size_of_write_eeprom   (abs)        0000
__size_ofi1_printf       (abs)        0000
__size_ofi1_putch        (abs)        0000
__stringbase             strings      05D2
__stringtab              strings      05C0
_bitb1                   text11       0594
_bitb2                   text10       057B
_bitb3                   text9        0562
_isr                     text4        0027
_lectura1                bssBANK0     002E
_lectura2                bssBANK0     002C
_lectura3                bssBANK0     002A
_lectura4                bssBANK0     0028
_lectura5                bssBANK0     0026
_lectura6                bssBANK0     0024
_main                    maintext     04AE
_printf                  text2        04F2
_putch                   text3        05D2
_read_eeprom             text8        05AD
_setup                   text1        0428
_val                     bssCOMMON    007C
_val1                    bssCOMMON    007A
_val2                    bssCOMMON    0078
_val3                    bssBANK0     0034
_val4                    bssBANK0     0032
_val5                    bssBANK0     0030
_write_eeprom            text7        0540
btemp                    (abs)        007E
clear_ram0               clrtext      05E6
end_of_initialization    cinit        0023
i1_printf                text5        051A
i1_putch                 text6        05DC
i1printf@ap              cstackCOMMON 0076
i1printf@c               cstackCOMMON 0077
i1printf@f               cstackCOMMON 0071
i1putch@data             cstackCOMMON 0070
interrupt_function       intentry     0004
intlevel0                functab      0000
intlevel1                functab      0000
intlevel2                functab      0000
intlevel3                functab      0000
intlevel4                functab      0000
intlevel5                functab      0000
printf@ap                cstackBANK0  0043
printf@c                 cstackBANK0  0044
printf@f                 cstackBANK0  003E
putch@data               cstackBANK0  003D
read_eeprom@dato         cstackCOMMON 0074
read_eeprom@direccion    cstackCOMMON 0070
reset_vec                reset_vec    0000
saved_w                  (abs)        007E
start                    init         0012
start_initialization     cinit        0015
write_eeprom@dato        cstackCOMMON 0070
write_eeprom@direccion   cstackCOMMON 0072
wtemp0                   (abs)        007E


FUNCTION INFORMATION:

 *************** function _main *****************
 Defined at:
		line 180 in file "proyecto.c"
 Parameters:    Size  Location     Type
		None
 Auto vars:     Size  Location     Type
		None
 Return value:  Size  Location     Type
                  1    wreg      void 
 Registers used:
		wreg, fsr0l, fsr0h, status,2, status,0, btemp+1, pclath, cstack
 Tracked objects:
		On entry : 
		On exit  : 
		Unchanged: 
 Data sizes:     COMMON   BANK0   BANK1   BANK3   BANK2
      Params:         0       0       0       0       0
      Locals:         0       0       0       0       0
      Temps:          0       1       0       0       0
      Totals:         0       1       0       0       0
Total ram usage:        1 bytes
 Hardware stack levels required when called:    5
 This function calls:
		_printf
		_setup
 This function is called by:
		Startup code after reset
 This function uses a non-reentrant model


 *************** function _setup *****************
 Defined at:
		line 216 in file "proyecto.c"
 Parameters:    Size  Location     Type
		None
 Auto vars:     Size  Location     Type
		None
 Return value:  Size  Location     Type
                  1    wreg      void 
 Registers used:
		wreg, status,2, status,0
 Tracked objects:
		On entry : 
		On exit  : 
		Unchanged: 
 Data sizes:     COMMON   BANK0   BANK1   BANK3   BANK2
      Params:         0       0       0       0       0
      Locals:         0       0       0       0       0
      Temps:          0       1       0       0       0
      Totals:         0       1       0       0       0
Total ram usage:        1 bytes
 Hardware stack levels used:    1
 Hardware stack levels required when called:    3
 This function calls:
		Nothing
 This function is called by:
		_main
 This function uses a non-reentrant model


 *************** function _printf *****************
 Defined at:
		line 477 in file "C:\Program Files\Microchip\xc8\v2.31\pic\sources\c90\common\doprnt.c"
 Parameters:    Size  Location     Type
  f               2    8[BANK0 ] PTR const unsigned char 
		 -> STR_19(32), STR_18(13), STR_17(13), STR_16(32), 
		 -> STR_15(34), STR_14(29), STR_13(20), STR_12(32), 
		 -> STR_11(34), STR_10(29), STR_9(22), STR_8(32), 
		 -> STR_7(34), STR_6(35), STR_5(22), STR_4(32), 
		 -> STR_3(34), STR_2(25), STR_1(19), 
 Auto vars:     Size  Location     Type
  tmpval          4    0        struct .
  cp              2    0        PTR const unsigned char 
  len             2    0        unsigned int 
  val             2    0        unsigned int 
  c               1   14[BANK0 ] unsigned char 
  ap              1   13[BANK0 ] PTR void [1]
		 -> ?_printf(2), 
  flag            1    0        unsigned char 
  prec            1    0        char 
 Return value:  Size  Location     Type
                  2    8[BANK0 ] int 
 Registers used:
		wreg, fsr0l, fsr0h, status,2, status,0, btemp+1, pclath, cstack
 Tracked objects:
		On entry : 
		On exit  : 
		Unchanged: 
 Data sizes:     COMMON   BANK0   BANK1   BANK3   BANK2
      Params:         0       2       0       0       0
      Locals:         0       2       0       0       0
      Temps:          0       3       0       0       0
      Totals:         0       7       0       0       0
Total ram usage:        7 bytes
 Hardware stack levels used:    1
 Hardware stack levels required when called:    4
 This function calls:
		_putch
 This function is called by:
		_main
 This function uses a non-reentrant model


 *************** function _putch *****************
 Defined at:
		line 208 in file "proyecto.c"
 Parameters:    Size  Location     Type
  data            1    wreg     unsigned char 
 Auto vars:     Size  Location     Type
  data            1    7[BANK0 ] unsigned char 
 Return value:  Size  Location     Type
                  1    wreg      void 
 Registers used:
		wreg
 Tracked objects:
		On entry : 
		On exit  : 
		Unchanged: 
 Data sizes:     COMMON   BANK0   BANK1   BANK3   BANK2
      Params:         0       0       0       0       0
      Locals:         0       1       0       0       0
      Temps:          0       0       0       0       0
      Totals:         0       1       0       0       0
Total ram usage:        1 bytes
 Hardware stack levels used:    1
 Hardware stack levels required when called:    3
 This function calls:
		Nothing
 This function is called by:
		_printf
 This function uses a non-reentrant model


 *************** function _isr *****************
 Defined at:
		line 60 in file "proyecto.c"
 Parameters:    Size  Location     Type
		None
 Auto vars:     Size  Location     Type
		None
 Return value:  Size  Location     Type
                  1    wreg      void 
 Registers used:
		wreg, fsr0l, fsr0h, status,2, status,0, btemp+1, pclath, cstack
 Tracked objects:
		On entry : 
		On exit  : 
		Unchanged: 
 Data sizes:     COMMON   BANK0   BANK1   BANK3   BANK2
      Params:         0       0       0       0       0
      Locals:         0       0       0       0       0
      Temps:          0       7       0       0       0
      Totals:         0       7       0       0       0
Total ram usage:        7 bytes
 Hardware stack levels used:    1
 Hardware stack levels required when called:    2
 This function calls:
		_bitb1
		_bitb2
		_bitb3
		_read_eeprom
		_write_eeprom
		i1_printf
 This function is called by:
		Interrupt level 1
 This function uses a non-reentrant model


 *************** function i1_printf *****************
 Defined at:
		line 477 in file "C:\Program Files\Microchip\xc8\v2.31\pic\sources\c90\common\doprnt.c"
 Parameters:    Size  Location     Type
  f               2    1[COMMON] PTR const unsigned char 
		 -> STR_19(32), STR_18(13), STR_17(13), STR_16(32), 
		 -> STR_15(34), STR_14(29), STR_13(20), STR_12(32), 
		 -> STR_11(34), STR_10(29), STR_9(22), STR_8(32), 
		 -> STR_7(34), STR_6(35), STR_5(22), STR_4(32), 
		 -> STR_3(34), STR_2(25), STR_1(19), 
 Auto vars:     Size  Location     Type
  tmpval          4    0        struct .
  cp              2    0        PTR const unsigned char 
  len             2    0        unsigned int 
  val             2    0        unsigned int 
  c               1    7[COMMON] unsigned char 
  ap              1    6[COMMON] PTR void [1]
		 -> ?i1_printf(2), ?_printf(2), 
  flag            1    0        unsigned char 
  prec            1    0        char 
 Return value:  Size  Location     Type
                  2    1[COMMON] int 
 Registers used:
		wreg, fsr0l, fsr0h, status,2, status,0, btemp+1, pclath, cstack
 Tracked objects:
		On entry : 
		On exit  : 
		Unchanged: 
 Data sizes:     COMMON   BANK0   BANK1   BANK3   BANK2
      Params:         2       0       0       0       0
      Locals:         2       0       0       0       0
      Temps:          3       0       0       0       0
      Totals:         7       0       0       0       0
Total ram usage:        7 bytes
 Hardware stack levels used:    1
 Hardware stack levels required when called:    1
 This function calls:
		i1_putch
 This function is called by:
		_isr
 This function uses a non-reentrant model


 *************** function i1_putch *****************
 Defined at:
		line 208 in file "proyecto.c"
 Parameters:    Size  Location     Type
  data            1    wreg     unsigned char 
 Auto vars:     Size  Location     Type
  data            1    0[COMMON] unsigned char 
 Return value:  Size  Location     Type
                  1    wreg      void 
 Registers used:
		wreg
 Tracked objects:
		On entry : 
		On exit  : 
		Unchanged: 
 Data sizes:     COMMON   BANK0   BANK1   BANK3   BANK2
      Params:         0       0       0       0       0
      Locals:         1       0       0       0       0
      Temps:          0       0       0       0       0
      Totals:         1       0       0       0       0
Total ram usage:        1 bytes
 Hardware stack levels used:    1
 This function calls:
		Nothing
 This function is called by:
		i1_printf
 This function uses a non-reentrant model


 *************** function _write_eeprom *****************
 Defined at:
		line 351 in file "proyecto.c"
 Parameters:    Size  Location     Type
  dato            2    0[COMMON] int 
  direccion       2    2[COMMON] int 
 Auto vars:     Size  Location     Type
		None
 Return value:  Size  Location     Type
                  1    wreg      void 
 Registers used:
		wreg
 Tracked objects:
		On entry : 
		On exit  : 
		Unchanged: 
 Data sizes:     COMMON   BANK0   BANK1   BANK3   BANK2
      Params:         4       0       0       0       0
      Locals:         0       0       0       0       0
      Temps:          0       0       0       0       0
      Totals:         4       0       0       0       0
Total ram usage:        4 bytes
 Hardware stack levels used:    1
 This function calls:
		Nothing
 This function is called by:
		_isr
 This function uses a non-reentrant model


 *************** function _read_eeprom *****************
 Defined at:
		line 382 in file "proyecto.c"
 Parameters:    Size  Location     Type
  direccion       2    0[COMMON] int 
 Auto vars:     Size  Location     Type
  dato            2    4[COMMON] int 
 Return value:  Size  Location     Type
                  1    wreg      unsigned char 
 Registers used:
		wreg
 Tracked objects:
		On entry : 
		On exit  : 
		Unchanged: 
 Data sizes:     COMMON   BANK0   BANK1   BANK3   BANK2
      Params:         2       0       0       0       0
      Locals:         2       0       0       0       0
      Temps:          2       0       0       0       0
      Totals:         6       0       0       0       0
Total ram usage:        6 bytes
 Hardware stack levels used:    1
 This function calls:
		Nothing
 This function is called by:
		_isr
 This function uses a non-reentrant model


 *************** function _bitb3 *****************
 Defined at:
		line 342 in file "proyecto.c"
 Parameters:    Size  Location     Type
		None
 Auto vars:     Size  Location     Type
		None
 Return value:  Size  Location     Type
                  1    wreg      void 
 Registers used:
		wreg
 Tracked objects:
		On entry : 
		On exit  : 
		Unchanged: 
 Data sizes:     COMMON   BANK0   BANK1   BANK3   BANK2
      Params:         0       0       0       0       0
      Locals:         0       0       0       0       0
      Temps:          2       0       0       0       0
      Totals:         2       0       0       0       0
Total ram usage:        2 bytes
 Hardware stack levels used:    1
 This function calls:
		Nothing
 This function is called by:
		_isr
 This function uses a non-reentrant model


 *************** function _bitb2 *****************
 Defined at:
		line 334 in file "proyecto.c"
 Parameters:    Size  Location     Type
		None
 Auto vars:     Size  Location     Type
		None
 Return value:  Size  Location     Type
                  1    wreg      void 
 Registers used:
		wreg
 Tracked objects:
		On entry : 
		On exit  : 
		Unchanged: 
 Data sizes:     COMMON   BANK0   BANK1   BANK3   BANK2
      Params:         0       0       0       0       0
      Locals:         0       0       0       0       0
      Temps:          2       0       0       0       0
      Totals:         2       0       0       0       0
Total ram usage:        2 bytes
 Hardware stack levels used:    1
 This function calls:
		Nothing
 This function is called by:
		_isr
 This function uses a non-reentrant model


 *************** function _bitb1 *****************
 Defined at:
		line 326 in file "proyecto.c"
 Parameters:    Size  Location     Type
		None
 Auto vars:     Size  Location     Type
		None
 Return value:  Size  Location     Type
                  1    wreg      void 
 Registers used:
		wreg
 Tracked objects:
		On entry : 
		On exit  : 
		Unchanged: 
 Data sizes:     COMMON   BANK0   BANK1   BANK3   BANK2
      Params:         0       0       0       0       0
      Locals:         0       0       0       0       0
      Temps:          2       0       0       0       0
      Totals:         2       0       0       0       0
Total ram usage:        2 bytes
 Hardware stack levels used:    1
 This function calls:
		Nothing
 This function is called by:
		_isr
 This function uses a non-reentrant model



MODULE INFORMATION

Module		Function		Class		Link	Load	Size
proyecto.c
		_putch         		CODE           	05D2	0000	10
		_bitb1         		CODE           	0594	0000	25
		_main          		CODE           	04AE	0000	68
		_bitb2         		CODE           	057B	0000	25
		_bitb3         		CODE           	0562	0000	25
		_isr           		CODE           	0027	0000	715
		_setup         		CODE           	0428	0000	134
		_read_eeprom   		CODE           	05AD	0000	19
		_write_eeprom  		CODE           	0540	0000	34

proyecto.c estimated size: 1055

C:\Program Files\Microchip\xc8\v2.31\pic\sources\c90\common\doprnt.c
		_printf        		CODE           	04F2	0000	40

C:\Program Files\Microchip\xc8\v2.31\pic\sources\c90\common\doprnt.c estimated size: 40

shared
		i1_printf      		CODE           	051A	0000	38
		i1_putch       		CODE           	05DC	0000	10
		__stringtab    		STRING         	05C0	0000	18
		__initialization		CODE           	0015	0000	14

shared estimated size: 80

